models
| 1 | Summary: lang:core; <crate::option::Option>::unwrap; Argument[self].Variant[crate::option::Option::Some(0)]; ReturnValue; value |
| 2 | Summary: lang:core; <crate::option::Option>::unwrap_or; Argument[0]; ReturnValue; value |
| 3 | Summary: lang:core; <crate::option::Option>::unwrap_or; Argument[self].Variant[crate::option::Option::Some(0)]; ReturnValue; value |
| 4 | Summary: lang:core; <crate::option::Option>::unwrap_or_else; Argument[0].ReturnValue; ReturnValue; value |
| 5 | Summary: lang:core; <crate::option::Option>::unwrap_or_else; Argument[self].Variant[crate::option::Option::Some(0)]; ReturnValue; value |
| 6 | Summary: lang:core; <crate::result::Result>::expect; Argument[self].Variant[crate::result::Result::Ok(0)]; ReturnValue; value |
| 7 | Summary: lang:core; <crate::result::Result>::expect_err; Argument[self].Variant[crate::result::Result::Err(0)]; ReturnValue; value |
edges
| main.rs:19:9:19:9 | s | main.rs:20:10:20:10 | s | provenance |  |
| main.rs:19:13:19:21 | source(...) | main.rs:19:9:19:9 | s | provenance |  |
| main.rs:24:9:24:9 | a | main.rs:26:9:26:9 | c | provenance |  |
| main.rs:24:13:24:21 | source(...) | main.rs:24:9:24:9 | a | provenance |  |
| main.rs:26:9:26:9 | c | main.rs:27:10:27:10 | c | provenance |  |
| main.rs:31:9:31:9 | a | main.rs:32:9:32:9 | b | provenance |  |
| main.rs:31:13:31:21 | source(...) | main.rs:31:9:31:9 | a | provenance |  |
| main.rs:32:9:32:9 | b | main.rs:36:10:36:10 | b | provenance |  |
| main.rs:44:9:44:9 | b | main.rs:47:10:47:10 | b | provenance |  |
| main.rs:45:15:45:23 | source(...) | main.rs:44:9:44:9 | b | provenance |  |
| main.rs:53:5:53:5 | i | main.rs:54:10:54:10 | i | provenance |  |
| main.rs:53:9:53:17 | source(...) | main.rs:53:5:53:5 | i | provenance |  |
| main.rs:94:9:94:9 | a [tuple.0] | main.rs:95:10:95:10 | a [tuple.0] | provenance |  |
| main.rs:94:13:94:26 | TupleExpr [tuple.0] | main.rs:94:9:94:9 | a [tuple.0] | provenance |  |
| main.rs:94:14:94:22 | source(...) | main.rs:94:13:94:26 | TupleExpr [tuple.0] | provenance |  |
| main.rs:95:10:95:10 | a [tuple.0] | main.rs:95:10:95:12 | a.0 | provenance |  |
| main.rs:100:9:100:9 | a [tuple.1] | main.rs:101:9:101:20 | TuplePat [tuple.1] | provenance |  |
| main.rs:100:13:100:30 | TupleExpr [tuple.1] | main.rs:100:9:100:9 | a [tuple.1] | provenance |  |
| main.rs:100:17:100:26 | source(...) | main.rs:100:13:100:30 | TupleExpr [tuple.1] | provenance |  |
| main.rs:101:9:101:20 | TuplePat [tuple.1] | main.rs:101:14:101:15 | a1 | provenance |  |
| main.rs:101:14:101:15 | a1 | main.rs:103:10:103:11 | a1 | provenance |  |
| main.rs:108:9:108:13 | a [tuple.1] | main.rs:110:10:110:10 | a [tuple.1] | provenance |  |
| main.rs:108:17:108:31 | TupleExpr [tuple.1] | main.rs:108:9:108:13 | a [tuple.1] | provenance |  |
| main.rs:108:21:108:30 | source(...) | main.rs:108:17:108:31 | TupleExpr [tuple.1] | provenance |  |
| main.rs:110:10:110:10 | a [tuple.1] | main.rs:110:10:110:12 | a.1 | provenance |  |
| main.rs:111:5:111:5 | [post] a [tuple.0] | main.rs:112:5:112:5 | a [tuple.0] | provenance |  |
| main.rs:111:11:111:20 | source(...) | main.rs:111:5:111:5 | [post] a [tuple.0] | provenance |  |
| main.rs:112:5:112:5 | a [tuple.0] | main.rs:113:10:113:10 | a [tuple.0] | provenance |  |
| main.rs:113:10:113:10 | a [tuple.0] | main.rs:113:10:113:12 | a.0 | provenance |  |
| main.rs:118:9:118:9 | a [tuple.1] | main.rs:119:14:119:14 | a [tuple.1] | provenance |  |
| main.rs:118:13:118:27 | TupleExpr [tuple.1] | main.rs:118:9:118:9 | a [tuple.1] | provenance |  |
| main.rs:118:17:118:26 | source(...) | main.rs:118:13:118:27 | TupleExpr [tuple.1] | provenance |  |
| main.rs:119:9:119:9 | b [tuple.0, tuple.1] | main.rs:121:10:121:10 | b [tuple.0, tuple.1] | provenance |  |
| main.rs:119:13:119:18 | TupleExpr [tuple.0, tuple.1] | main.rs:119:9:119:9 | b [tuple.0, tuple.1] | provenance |  |
| main.rs:119:14:119:14 | a [tuple.1] | main.rs:119:13:119:18 | TupleExpr [tuple.0, tuple.1] | provenance |  |
| main.rs:121:10:121:10 | b [tuple.0, tuple.1] | main.rs:121:10:121:12 | b.0 [tuple.1] | provenance |  |
| main.rs:121:10:121:12 | b.0 [tuple.1] | main.rs:121:10:121:15 | ... .1 | provenance |  |
| main.rs:147:9:147:9 | p [Point.x] | main.rs:151:9:151:28 | Point {...} [Point.x] | provenance |  |
| main.rs:147:13:150:5 | Point {...} [Point.x] | main.rs:147:9:147:9 | p [Point.x] | provenance |  |
| main.rs:148:12:148:21 | source(...) | main.rs:147:13:150:5 | Point {...} [Point.x] | provenance |  |
| main.rs:151:9:151:28 | Point {...} [Point.x] | main.rs:151:20:151:20 | a | provenance |  |
| main.rs:151:20:151:20 | a | main.rs:152:10:152:10 | a | provenance |  |
| main.rs:175:9:175:9 | p [Point3D.plane, Point.y] | main.rs:182:11:182:11 | p [Point3D.plane, Point.y] | provenance |  |
| main.rs:175:13:181:5 | Point3D {...} [Point3D.plane, Point.y] | main.rs:175:9:175:9 | p [Point3D.plane, Point.y] | provenance |  |
| main.rs:176:16:179:9 | Point {...} [Point.y] | main.rs:175:13:181:5 | Point3D {...} [Point3D.plane, Point.y] | provenance |  |
| main.rs:178:16:178:25 | source(...) | main.rs:176:16:179:9 | Point {...} [Point.y] | provenance |  |
| main.rs:182:11:182:11 | p [Point3D.plane, Point.y] | main.rs:183:9:186:9 | Point3D {...} [Point3D.plane, Point.y] | provenance |  |
| main.rs:183:9:186:9 | Point3D {...} [Point3D.plane, Point.y] | main.rs:184:20:184:33 | Point {...} [Point.y] | provenance |  |
| main.rs:184:20:184:33 | Point {...} [Point.y] | main.rs:184:31:184:31 | y | provenance |  |
| main.rs:184:31:184:31 | y | main.rs:188:18:188:18 | y | provenance |  |
| main.rs:197:9:197:9 | s [MyTupleStruct(0)] | main.rs:201:11:201:11 | s [MyTupleStruct(0)] | provenance |  |
| main.rs:197:13:197:40 | MyTupleStruct(...) [MyTupleStruct(0)] | main.rs:197:9:197:9 | s [MyTupleStruct(0)] | provenance |  |
| main.rs:197:27:197:36 | source(...) | main.rs:197:13:197:40 | MyTupleStruct(...) [MyTupleStruct(0)] | provenance |  |
| main.rs:201:11:201:11 | s [MyTupleStruct(0)] | main.rs:202:9:202:27 | MyTupleStruct(...) [MyTupleStruct(0)] | provenance |  |
| main.rs:202:9:202:27 | MyTupleStruct(...) [MyTupleStruct(0)] | main.rs:202:23:202:23 | x | provenance |  |
| main.rs:202:23:202:23 | x | main.rs:203:18:203:18 | x | provenance |  |
| main.rs:213:9:213:10 | s1 [Some] | main.rs:215:11:215:12 | s1 [Some] | provenance |  |
| main.rs:213:14:213:37 | ...::Some(...) [Some] | main.rs:213:9:213:10 | s1 [Some] | provenance |  |
| main.rs:213:27:213:36 | source(...) | main.rs:213:14:213:37 | ...::Some(...) [Some] | provenance |  |
| main.rs:215:11:215:12 | s1 [Some] | main.rs:216:9:216:23 | ...::Some(...) [Some] | provenance |  |
| main.rs:216:9:216:23 | ...::Some(...) [Some] | main.rs:216:22:216:22 | n | provenance |  |
| main.rs:216:22:216:22 | n | main.rs:216:33:216:33 | n | provenance |  |
| main.rs:226:9:226:10 | s1 [Some] | main.rs:228:11:228:12 | s1 [Some] | provenance |  |
| main.rs:226:14:226:29 | Some(...) [Some] | main.rs:226:9:226:10 | s1 [Some] | provenance |  |
| main.rs:226:19:226:28 | source(...) | main.rs:226:14:226:29 | Some(...) [Some] | provenance |  |
| main.rs:228:11:228:12 | s1 [Some] | main.rs:229:9:229:15 | Some(...) [Some] | provenance |  |
| main.rs:229:9:229:15 | Some(...) [Some] | main.rs:229:14:229:14 | n | provenance |  |
| main.rs:229:14:229:14 | n | main.rs:229:25:229:25 | n | provenance |  |
| main.rs:239:9:239:10 | s1 [Some] | main.rs:240:10:240:11 | s1 [Some] | provenance |  |
| main.rs:239:14:239:29 | Some(...) [Some] | main.rs:239:9:239:10 | s1 [Some] | provenance |  |
| main.rs:239:19:239:28 | source(...) | main.rs:239:14:239:29 | Some(...) [Some] | provenance |  |
| main.rs:240:10:240:11 | s1 [Some] | main.rs:240:10:240:20 | s1.unwrap(...) | provenance | MaD:1 |
| main.rs:244:9:244:10 | s1 [Some] | main.rs:245:10:245:11 | s1 [Some] | provenance |  |
| main.rs:244:14:244:29 | Some(...) [Some] | main.rs:244:9:244:10 | s1 [Some] | provenance |  |
| main.rs:244:19:244:28 | source(...) | main.rs:244:14:244:29 | Some(...) [Some] | provenance |  |
| main.rs:245:10:245:11 | s1 [Some] | main.rs:245:10:245:24 | s1.unwrap_or(...) | provenance | MaD:3 |
| main.rs:248:23:248:32 | source(...) | main.rs:248:10:248:33 | s2.unwrap_or(...) | provenance | MaD:2 |
| main.rs:252:9:252:10 | s1 [Some] | main.rs:253:10:253:11 | s1 [Some] | provenance |  |
| main.rs:252:14:252:29 | Some(...) [Some] | main.rs:252:9:252:10 | s1 [Some] | provenance |  |
| main.rs:252:19:252:28 | source(...) | main.rs:252:14:252:29 | Some(...) [Some] | provenance |  |
| main.rs:253:10:253:11 | s1 [Some] | main.rs:253:10:253:32 | s1.unwrap_or_else(...) | provenance | MaD:5 |
| main.rs:256:31:256:40 | source(...) | main.rs:256:10:256:41 | s2.unwrap_or_else(...) | provenance | MaD:4 |
| main.rs:260:9:260:10 | s1 [Some] | main.rs:262:14:262:15 | s1 [Some] | provenance |  |
| main.rs:260:14:260:29 | Some(...) [Some] | main.rs:260:9:260:10 | s1 [Some] | provenance |  |
| main.rs:260:19:260:28 | source(...) | main.rs:260:14:260:29 | Some(...) [Some] | provenance |  |
| main.rs:262:9:262:10 | i1 | main.rs:263:10:263:11 | i1 | provenance |  |
| main.rs:262:14:262:15 | s1 [Some] | main.rs:262:14:262:16 | TryExpr | provenance |  |
| main.rs:262:14:262:16 | TryExpr | main.rs:262:9:262:10 | i1 | provenance |  |
| main.rs:269:9:269:10 | s1 [Ok] | main.rs:272:14:272:15 | s1 [Ok] | provenance |  |
| main.rs:269:32:269:45 | Ok(...) [Ok] | main.rs:269:9:269:10 | s1 [Ok] | provenance |  |
| main.rs:269:35:269:44 | source(...) | main.rs:269:32:269:45 | Ok(...) [Ok] | provenance |  |
| main.rs:272:9:272:10 | i1 | main.rs:274:10:274:11 | i1 | provenance |  |
| main.rs:272:14:272:15 | s1 [Ok] | main.rs:272:14:272:16 | TryExpr | provenance |  |
| main.rs:272:14:272:16 | TryExpr | main.rs:272:9:272:10 | i1 | provenance |  |
| main.rs:282:9:282:10 | s1 [Ok] | main.rs:283:10:283:11 | s1 [Ok] | provenance |  |
| main.rs:282:32:282:45 | Ok(...) [Ok] | main.rs:282:9:282:10 | s1 [Ok] | provenance |  |
| main.rs:282:35:282:44 | source(...) | main.rs:282:32:282:45 | Ok(...) [Ok] | provenance |  |
| main.rs:283:10:283:11 | s1 [Ok] | main.rs:283:10:283:22 | s1.expect(...) | provenance | MaD:6 |
| main.rs:286:9:286:10 | s2 [Err] | main.rs:288:10:288:11 | s2 [Err] | provenance |  |
| main.rs:286:32:286:46 | Err(...) [Err] | main.rs:286:9:286:10 | s2 [Err] | provenance |  |
| main.rs:286:36:286:45 | source(...) | main.rs:286:32:286:46 | Err(...) [Err] | provenance |  |
| main.rs:288:10:288:11 | s2 [Err] | main.rs:288:10:288:26 | s2.expect_err(...) | provenance | MaD:7 |
| main.rs:297:9:297:10 | s1 [A] | main.rs:299:11:299:12 | s1 [A] | provenance |  |
| main.rs:297:14:297:39 | ...::A(...) [A] | main.rs:297:9:297:10 | s1 [A] | provenance |  |
| main.rs:297:29:297:38 | source(...) | main.rs:297:14:297:39 | ...::A(...) [A] | provenance |  |
| main.rs:299:11:299:12 | s1 [A] | main.rs:300:9:300:25 | ...::A(...) [A] | provenance |  |
| main.rs:299:11:299:12 | s1 [A] | main.rs:303:11:303:12 | s1 [A] | provenance |  |
| main.rs:300:9:300:25 | ...::A(...) [A] | main.rs:300:24:300:24 | n | provenance |  |
| main.rs:300:24:300:24 | n | main.rs:300:35:300:35 | n | provenance |  |
| main.rs:303:11:303:12 | s1 [A] | main.rs:304:9:304:25 | ...::A(...) [A] | provenance |  |
| main.rs:304:9:304:25 | ...::A(...) [A] | main.rs:304:24:304:24 | n | provenance |  |
| main.rs:304:24:304:24 | n | main.rs:304:55:304:55 | n | provenance |  |
| main.rs:315:9:315:10 | s1 [A] | main.rs:317:11:317:12 | s1 [A] | provenance |  |
| main.rs:315:14:315:26 | A(...) [A] | main.rs:315:9:315:10 | s1 [A] | provenance |  |
| main.rs:315:16:315:25 | source(...) | main.rs:315:14:315:26 | A(...) [A] | provenance |  |
| main.rs:317:11:317:12 | s1 [A] | main.rs:318:9:318:12 | A(...) [A] | provenance |  |
| main.rs:317:11:317:12 | s1 [A] | main.rs:321:11:321:12 | s1 [A] | provenance |  |
| main.rs:318:9:318:12 | A(...) [A] | main.rs:318:11:318:11 | n | provenance |  |
| main.rs:318:11:318:11 | n | main.rs:318:22:318:22 | n | provenance |  |
| main.rs:321:11:321:12 | s1 [A] | main.rs:322:9:322:12 | A(...) [A] | provenance |  |
| main.rs:322:9:322:12 | A(...) [A] | main.rs:322:11:322:11 | n | provenance |  |
| main.rs:322:11:322:11 | n | main.rs:322:29:322:29 | n | provenance |  |
| main.rs:336:9:336:10 | s1 [C] | main.rs:340:11:340:12 | s1 [C] | provenance |  |
| main.rs:336:14:338:5 | ...::C {...} [C] | main.rs:336:9:336:10 | s1 [C] | provenance |  |
| main.rs:337:18:337:27 | source(...) | main.rs:336:14:338:5 | ...::C {...} [C] | provenance |  |
| main.rs:340:11:340:12 | s1 [C] | main.rs:341:9:341:38 | ...::C {...} [C] | provenance |  |
| main.rs:340:11:340:12 | s1 [C] | main.rs:344:11:344:12 | s1 [C] | provenance |  |
| main.rs:341:9:341:38 | ...::C {...} [C] | main.rs:341:36:341:36 | n | provenance |  |
| main.rs:341:36:341:36 | n | main.rs:341:48:341:48 | n | provenance |  |
| main.rs:344:11:344:12 | s1 [C] | main.rs:345:9:345:38 | ...::C {...} [C] | provenance |  |
| main.rs:345:9:345:38 | ...::C {...} [C] | main.rs:345:36:345:36 | n | provenance |  |
| main.rs:345:36:345:36 | n | main.rs:345:81:345:81 | n | provenance |  |
| main.rs:356:9:356:10 | s1 [C] | main.rs:360:11:360:12 | s1 [C] | provenance |  |
| main.rs:356:14:358:5 | C {...} [C] | main.rs:356:9:356:10 | s1 [C] | provenance |  |
| main.rs:357:18:357:27 | source(...) | main.rs:356:14:358:5 | C {...} [C] | provenance |  |
| main.rs:360:11:360:12 | s1 [C] | main.rs:361:9:361:24 | C {...} [C] | provenance |  |
| main.rs:360:11:360:12 | s1 [C] | main.rs:364:11:364:12 | s1 [C] | provenance |  |
| main.rs:361:9:361:24 | C {...} [C] | main.rs:361:22:361:22 | n | provenance |  |
| main.rs:361:22:361:22 | n | main.rs:361:34:361:34 | n | provenance |  |
| main.rs:364:11:364:12 | s1 [C] | main.rs:365:9:365:24 | C {...} [C] | provenance |  |
| main.rs:365:9:365:24 | C {...} [C] | main.rs:365:22:365:22 | n | provenance |  |
| main.rs:365:22:365:22 | n | main.rs:365:53:365:53 | n | provenance |  |
| main.rs:377:9:377:12 | arr1 [element] | main.rs:378:14:378:17 | arr1 [element] | provenance |  |
| main.rs:377:16:377:33 | [...] [element] | main.rs:377:9:377:12 | arr1 [element] | provenance |  |
| main.rs:377:23:377:32 | source(...) | main.rs:377:16:377:33 | [...] [element] | provenance |  |
| main.rs:378:9:378:10 | n1 | main.rs:379:10:379:11 | n1 | provenance |  |
| main.rs:378:14:378:17 | arr1 [element] | main.rs:378:14:378:20 | arr1[2] | provenance |  |
| main.rs:378:14:378:20 | arr1[2] | main.rs:378:9:378:10 | n1 | provenance |  |
| main.rs:381:9:381:12 | arr2 [element] | main.rs:382:14:382:17 | arr2 [element] | provenance |  |
| main.rs:381:16:381:31 | [...; 10] [element] | main.rs:381:9:381:12 | arr2 [element] | provenance |  |
| main.rs:381:17:381:26 | source(...) | main.rs:381:16:381:31 | [...; 10] [element] | provenance |  |
| main.rs:382:9:382:10 | n2 | main.rs:383:10:383:11 | n2 | provenance |  |
| main.rs:382:14:382:17 | arr2 [element] | main.rs:382:14:382:20 | arr2[4] | provenance |  |
| main.rs:382:14:382:20 | arr2[4] | main.rs:382:9:382:10 | n2 | provenance |  |
| main.rs:391:9:391:12 | arr1 [element] | main.rs:392:15:392:18 | arr1 [element] | provenance |  |
| main.rs:391:16:391:33 | [...] [element] | main.rs:391:9:391:12 | arr1 [element] | provenance |  |
| main.rs:391:23:391:32 | source(...) | main.rs:391:16:391:33 | [...] [element] | provenance |  |
| main.rs:392:9:392:10 | n1 | main.rs:393:14:393:15 | n1 | provenance |  |
| main.rs:392:15:392:18 | arr1 [element] | main.rs:392:9:392:10 | n1 | provenance |  |
| main.rs:403:9:403:12 | arr1 [element] | main.rs:404:11:404:14 | arr1 [element] | provenance |  |
| main.rs:403:16:403:33 | [...] [element] | main.rs:403:9:403:12 | arr1 [element] | provenance |  |
| main.rs:403:23:403:32 | source(...) | main.rs:403:16:403:33 | [...] [element] | provenance |  |
| main.rs:404:11:404:14 | arr1 [element] | main.rs:405:9:405:17 | SlicePat [element] | provenance |  |
| main.rs:405:9:405:17 | SlicePat [element] | main.rs:405:10:405:10 | a | provenance |  |
| main.rs:405:9:405:17 | SlicePat [element] | main.rs:405:13:405:13 | b | provenance |  |
| main.rs:405:9:405:17 | SlicePat [element] | main.rs:405:16:405:16 | c | provenance |  |
| main.rs:405:10:405:10 | a | main.rs:406:18:406:18 | a | provenance |  |
| main.rs:405:13:405:13 | b | main.rs:407:18:407:18 | b | provenance |  |
| main.rs:405:16:405:16 | c | main.rs:408:18:408:18 | c | provenance |  |
| main.rs:417:5:417:11 | [post] mut_arr [element] | main.rs:418:13:418:19 | mut_arr [element] | provenance |  |
| main.rs:417:5:417:11 | [post] mut_arr [element] | main.rs:420:10:420:16 | mut_arr [element] | provenance |  |
| main.rs:417:18:417:27 | source(...) | main.rs:417:5:417:11 | [post] mut_arr [element] | provenance |  |
| main.rs:418:9:418:9 | d | main.rs:419:10:419:10 | d | provenance |  |
| main.rs:418:13:418:19 | mut_arr [element] | main.rs:418:13:418:22 | mut_arr[1] | provenance |  |
| main.rs:418:13:418:22 | mut_arr[1] | main.rs:418:9:418:9 | d | provenance |  |
| main.rs:420:10:420:16 | mut_arr [element] | main.rs:420:10:420:19 | mut_arr[0] | provenance |  |
| main.rs:443:9:443:9 | s | main.rs:444:10:444:10 | s | provenance |  |
| main.rs:443:25:443:26 | source(...) | main.rs:443:9:443:9 | s | provenance |  |
nodes
| main.rs:15:10:15:18 | source(...) | semmle.label | source(...) |
| main.rs:19:9:19:9 | s | semmle.label | s |
| main.rs:19:13:19:21 | source(...) | semmle.label | source(...) |
| main.rs:20:10:20:10 | s | semmle.label | s |
| main.rs:24:9:24:9 | a | semmle.label | a |
| main.rs:24:13:24:21 | source(...) | semmle.label | source(...) |
| main.rs:26:9:26:9 | c | semmle.label | c |
| main.rs:27:10:27:10 | c | semmle.label | c |
| main.rs:31:9:31:9 | a | semmle.label | a |
| main.rs:31:13:31:21 | source(...) | semmle.label | source(...) |
| main.rs:32:9:32:9 | b | semmle.label | b |
| main.rs:36:10:36:10 | b | semmle.label | b |
| main.rs:44:9:44:9 | b | semmle.label | b |
| main.rs:45:15:45:23 | source(...) | semmle.label | source(...) |
| main.rs:47:10:47:10 | b | semmle.label | b |
| main.rs:53:5:53:5 | i | semmle.label | i |
| main.rs:53:9:53:17 | source(...) | semmle.label | source(...) |
| main.rs:54:10:54:10 | i | semmle.label | i |
| main.rs:94:9:94:9 | a [tuple.0] | semmle.label | a [tuple.0] |
| main.rs:94:13:94:26 | TupleExpr [tuple.0] | semmle.label | TupleExpr [tuple.0] |
| main.rs:94:14:94:22 | source(...) | semmle.label | source(...) |
| main.rs:95:10:95:10 | a [tuple.0] | semmle.label | a [tuple.0] |
| main.rs:95:10:95:12 | a.0 | semmle.label | a.0 |
| main.rs:100:9:100:9 | a [tuple.1] | semmle.label | a [tuple.1] |
| main.rs:100:13:100:30 | TupleExpr [tuple.1] | semmle.label | TupleExpr [tuple.1] |
| main.rs:100:17:100:26 | source(...) | semmle.label | source(...) |
| main.rs:101:9:101:20 | TuplePat [tuple.1] | semmle.label | TuplePat [tuple.1] |
| main.rs:101:14:101:15 | a1 | semmle.label | a1 |
| main.rs:103:10:103:11 | a1 | semmle.label | a1 |
| main.rs:108:9:108:13 | a [tuple.1] | semmle.label | a [tuple.1] |
| main.rs:108:17:108:31 | TupleExpr [tuple.1] | semmle.label | TupleExpr [tuple.1] |
| main.rs:108:21:108:30 | source(...) | semmle.label | source(...) |
| main.rs:110:10:110:10 | a [tuple.1] | semmle.label | a [tuple.1] |
| main.rs:110:10:110:12 | a.1 | semmle.label | a.1 |
| main.rs:111:5:111:5 | [post] a [tuple.0] | semmle.label | [post] a [tuple.0] |
| main.rs:111:11:111:20 | source(...) | semmle.label | source(...) |
| main.rs:112:5:112:5 | a [tuple.0] | semmle.label | a [tuple.0] |
| main.rs:113:10:113:10 | a [tuple.0] | semmle.label | a [tuple.0] |
| main.rs:113:10:113:12 | a.0 | semmle.label | a.0 |
| main.rs:118:9:118:9 | a [tuple.1] | semmle.label | a [tuple.1] |
| main.rs:118:13:118:27 | TupleExpr [tuple.1] | semmle.label | TupleExpr [tuple.1] |
| main.rs:118:17:118:26 | source(...) | semmle.label | source(...) |
| main.rs:119:9:119:9 | b [tuple.0, tuple.1] | semmle.label | b [tuple.0, tuple.1] |
| main.rs:119:13:119:18 | TupleExpr [tuple.0, tuple.1] | semmle.label | TupleExpr [tuple.0, tuple.1] |
| main.rs:119:14:119:14 | a [tuple.1] | semmle.label | a [tuple.1] |
| main.rs:121:10:121:10 | b [tuple.0, tuple.1] | semmle.label | b [tuple.0, tuple.1] |
| main.rs:121:10:121:12 | b.0 [tuple.1] | semmle.label | b.0 [tuple.1] |
| main.rs:121:10:121:15 | ... .1 | semmle.label | ... .1 |
| main.rs:147:9:147:9 | p [Point.x] | semmle.label | p [Point.x] |
| main.rs:147:13:150:5 | Point {...} [Point.x] | semmle.label | Point {...} [Point.x] |
| main.rs:148:12:148:21 | source(...) | semmle.label | source(...) |
| main.rs:151:9:151:28 | Point {...} [Point.x] | semmle.label | Point {...} [Point.x] |
| main.rs:151:20:151:20 | a | semmle.label | a |
| main.rs:152:10:152:10 | a | semmle.label | a |
| main.rs:175:9:175:9 | p [Point3D.plane, Point.y] | semmle.label | p [Point3D.plane, Point.y] |
| main.rs:175:13:181:5 | Point3D {...} [Point3D.plane, Point.y] | semmle.label | Point3D {...} [Point3D.plane, Point.y] |
| main.rs:176:16:179:9 | Point {...} [Point.y] | semmle.label | Point {...} [Point.y] |
| main.rs:178:16:178:25 | source(...) | semmle.label | source(...) |
| main.rs:182:11:182:11 | p [Point3D.plane, Point.y] | semmle.label | p [Point3D.plane, Point.y] |
| main.rs:183:9:186:9 | Point3D {...} [Point3D.plane, Point.y] | semmle.label | Point3D {...} [Point3D.plane, Point.y] |
| main.rs:184:20:184:33 | Point {...} [Point.y] | semmle.label | Point {...} [Point.y] |
| main.rs:184:31:184:31 | y | semmle.label | y |
| main.rs:188:18:188:18 | y | semmle.label | y |
| main.rs:197:9:197:9 | s [MyTupleStruct(0)] | semmle.label | s [MyTupleStruct(0)] |
| main.rs:197:13:197:40 | MyTupleStruct(...) [MyTupleStruct(0)] | semmle.label | MyTupleStruct(...) [MyTupleStruct(0)] |
| main.rs:197:27:197:36 | source(...) | semmle.label | source(...) |
| main.rs:201:11:201:11 | s [MyTupleStruct(0)] | semmle.label | s [MyTupleStruct(0)] |
| main.rs:202:9:202:27 | MyTupleStruct(...) [MyTupleStruct(0)] | semmle.label | MyTupleStruct(...) [MyTupleStruct(0)] |
| main.rs:202:23:202:23 | x | semmle.label | x |
| main.rs:203:18:203:18 | x | semmle.label | x |
| main.rs:213:9:213:10 | s1 [Some] | semmle.label | s1 [Some] |
| main.rs:213:14:213:37 | ...::Some(...) [Some] | semmle.label | ...::Some(...) [Some] |
| main.rs:213:27:213:36 | source(...) | semmle.label | source(...) |
| main.rs:215:11:215:12 | s1 [Some] | semmle.label | s1 [Some] |
| main.rs:216:9:216:23 | ...::Some(...) [Some] | semmle.label | ...::Some(...) [Some] |
| main.rs:216:22:216:22 | n | semmle.label | n |
| main.rs:216:33:216:33 | n | semmle.label | n |
| main.rs:226:9:226:10 | s1 [Some] | semmle.label | s1 [Some] |
| main.rs:226:14:226:29 | Some(...) [Some] | semmle.label | Some(...) [Some] |
| main.rs:226:19:226:28 | source(...) | semmle.label | source(...) |
| main.rs:228:11:228:12 | s1 [Some] | semmle.label | s1 [Some] |
| main.rs:229:9:229:15 | Some(...) [Some] | semmle.label | Some(...) [Some] |
| main.rs:229:14:229:14 | n | semmle.label | n |
| main.rs:229:25:229:25 | n | semmle.label | n |
| main.rs:239:9:239:10 | s1 [Some] | semmle.label | s1 [Some] |
| main.rs:239:14:239:29 | Some(...) [Some] | semmle.label | Some(...) [Some] |
| main.rs:239:19:239:28 | source(...) | semmle.label | source(...) |
| main.rs:240:10:240:11 | s1 [Some] | semmle.label | s1 [Some] |
| main.rs:240:10:240:20 | s1.unwrap(...) | semmle.label | s1.unwrap(...) |
| main.rs:244:9:244:10 | s1 [Some] | semmle.label | s1 [Some] |
| main.rs:244:14:244:29 | Some(...) [Some] | semmle.label | Some(...) [Some] |
| main.rs:244:19:244:28 | source(...) | semmle.label | source(...) |
| main.rs:245:10:245:11 | s1 [Some] | semmle.label | s1 [Some] |
| main.rs:245:10:245:24 | s1.unwrap_or(...) | semmle.label | s1.unwrap_or(...) |
| main.rs:248:10:248:33 | s2.unwrap_or(...) | semmle.label | s2.unwrap_or(...) |
| main.rs:248:23:248:32 | source(...) | semmle.label | source(...) |
| main.rs:252:9:252:10 | s1 [Some] | semmle.label | s1 [Some] |
| main.rs:252:14:252:29 | Some(...) [Some] | semmle.label | Some(...) [Some] |
| main.rs:252:19:252:28 | source(...) | semmle.label | source(...) |
| main.rs:253:10:253:11 | s1 [Some] | semmle.label | s1 [Some] |
| main.rs:253:10:253:32 | s1.unwrap_or_else(...) | semmle.label | s1.unwrap_or_else(...) |
| main.rs:256:10:256:41 | s2.unwrap_or_else(...) | semmle.label | s2.unwrap_or_else(...) |
| main.rs:256:31:256:40 | source(...) | semmle.label | source(...) |
| main.rs:260:9:260:10 | s1 [Some] | semmle.label | s1 [Some] |
| main.rs:260:14:260:29 | Some(...) [Some] | semmle.label | Some(...) [Some] |
| main.rs:260:19:260:28 | source(...) | semmle.label | source(...) |
| main.rs:262:9:262:10 | i1 | semmle.label | i1 |
| main.rs:262:14:262:15 | s1 [Some] | semmle.label | s1 [Some] |
| main.rs:262:14:262:16 | TryExpr | semmle.label | TryExpr |
| main.rs:263:10:263:11 | i1 | semmle.label | i1 |
| main.rs:269:9:269:10 | s1 [Ok] | semmle.label | s1 [Ok] |
| main.rs:269:32:269:45 | Ok(...) [Ok] | semmle.label | Ok(...) [Ok] |
| main.rs:269:35:269:44 | source(...) | semmle.label | source(...) |
| main.rs:272:9:272:10 | i1 | semmle.label | i1 |
| main.rs:272:14:272:15 | s1 [Ok] | semmle.label | s1 [Ok] |
| main.rs:272:14:272:16 | TryExpr | semmle.label | TryExpr |
| main.rs:274:10:274:11 | i1 | semmle.label | i1 |
| main.rs:282:9:282:10 | s1 [Ok] | semmle.label | s1 [Ok] |
| main.rs:282:32:282:45 | Ok(...) [Ok] | semmle.label | Ok(...) [Ok] |
| main.rs:282:35:282:44 | source(...) | semmle.label | source(...) |
| main.rs:283:10:283:11 | s1 [Ok] | semmle.label | s1 [Ok] |
| main.rs:283:10:283:22 | s1.expect(...) | semmle.label | s1.expect(...) |
| main.rs:286:9:286:10 | s2 [Err] | semmle.label | s2 [Err] |
| main.rs:286:32:286:46 | Err(...) [Err] | semmle.label | Err(...) [Err] |
| main.rs:286:36:286:45 | source(...) | semmle.label | source(...) |
| main.rs:288:10:288:11 | s2 [Err] | semmle.label | s2 [Err] |
| main.rs:288:10:288:26 | s2.expect_err(...) | semmle.label | s2.expect_err(...) |
| main.rs:297:9:297:10 | s1 [A] | semmle.label | s1 [A] |
| main.rs:297:14:297:39 | ...::A(...) [A] | semmle.label | ...::A(...) [A] |
| main.rs:297:29:297:38 | source(...) | semmle.label | source(...) |
| main.rs:299:11:299:12 | s1 [A] | semmle.label | s1 [A] |
| main.rs:300:9:300:25 | ...::A(...) [A] | semmle.label | ...::A(...) [A] |
| main.rs:300:24:300:24 | n | semmle.label | n |
| main.rs:300:35:300:35 | n | semmle.label | n |
| main.rs:303:11:303:12 | s1 [A] | semmle.label | s1 [A] |
| main.rs:304:9:304:25 | ...::A(...) [A] | semmle.label | ...::A(...) [A] |
| main.rs:304:24:304:24 | n | semmle.label | n |
| main.rs:304:55:304:55 | n | semmle.label | n |
| main.rs:315:9:315:10 | s1 [A] | semmle.label | s1 [A] |
| main.rs:315:14:315:26 | A(...) [A] | semmle.label | A(...) [A] |
| main.rs:315:16:315:25 | source(...) | semmle.label | source(...) |
| main.rs:317:11:317:12 | s1 [A] | semmle.label | s1 [A] |
| main.rs:318:9:318:12 | A(...) [A] | semmle.label | A(...) [A] |
| main.rs:318:11:318:11 | n | semmle.label | n |
| main.rs:318:22:318:22 | n | semmle.label | n |
| main.rs:321:11:321:12 | s1 [A] | semmle.label | s1 [A] |
| main.rs:322:9:322:12 | A(...) [A] | semmle.label | A(...) [A] |
| main.rs:322:11:322:11 | n | semmle.label | n |
| main.rs:322:29:322:29 | n | semmle.label | n |
| main.rs:336:9:336:10 | s1 [C] | semmle.label | s1 [C] |
| main.rs:336:14:338:5 | ...::C {...} [C] | semmle.label | ...::C {...} [C] |
| main.rs:337:18:337:27 | source(...) | semmle.label | source(...) |
| main.rs:340:11:340:12 | s1 [C] | semmle.label | s1 [C] |
| main.rs:341:9:341:38 | ...::C {...} [C] | semmle.label | ...::C {...} [C] |
| main.rs:341:36:341:36 | n | semmle.label | n |
| main.rs:341:48:341:48 | n | semmle.label | n |
| main.rs:344:11:344:12 | s1 [C] | semmle.label | s1 [C] |
| main.rs:345:9:345:38 | ...::C {...} [C] | semmle.label | ...::C {...} [C] |
| main.rs:345:36:345:36 | n | semmle.label | n |
| main.rs:345:81:345:81 | n | semmle.label | n |
| main.rs:356:9:356:10 | s1 [C] | semmle.label | s1 [C] |
| main.rs:356:14:358:5 | C {...} [C] | semmle.label | C {...} [C] |
| main.rs:357:18:357:27 | source(...) | semmle.label | source(...) |
| main.rs:360:11:360:12 | s1 [C] | semmle.label | s1 [C] |
| main.rs:361:9:361:24 | C {...} [C] | semmle.label | C {...} [C] |
| main.rs:361:22:361:22 | n | semmle.label | n |
| main.rs:361:34:361:34 | n | semmle.label | n |
| main.rs:364:11:364:12 | s1 [C] | semmle.label | s1 [C] |
| main.rs:365:9:365:24 | C {...} [C] | semmle.label | C {...} [C] |
| main.rs:365:22:365:22 | n | semmle.label | n |
| main.rs:365:53:365:53 | n | semmle.label | n |
| main.rs:377:9:377:12 | arr1 [element] | semmle.label | arr1 [element] |
| main.rs:377:16:377:33 | [...] [element] | semmle.label | [...] [element] |
| main.rs:377:23:377:32 | source(...) | semmle.label | source(...) |
| main.rs:378:9:378:10 | n1 | semmle.label | n1 |
| main.rs:378:14:378:17 | arr1 [element] | semmle.label | arr1 [element] |
| main.rs:378:14:378:20 | arr1[2] | semmle.label | arr1[2] |
| main.rs:379:10:379:11 | n1 | semmle.label | n1 |
| main.rs:381:9:381:12 | arr2 [element] | semmle.label | arr2 [element] |
| main.rs:381:16:381:31 | [...; 10] [element] | semmle.label | [...; 10] [element] |
| main.rs:381:17:381:26 | source(...) | semmle.label | source(...) |
| main.rs:382:9:382:10 | n2 | semmle.label | n2 |
| main.rs:382:14:382:17 | arr2 [element] | semmle.label | arr2 [element] |
| main.rs:382:14:382:20 | arr2[4] | semmle.label | arr2[4] |
| main.rs:383:10:383:11 | n2 | semmle.label | n2 |
| main.rs:391:9:391:12 | arr1 [element] | semmle.label | arr1 [element] |
| main.rs:391:16:391:33 | [...] [element] | semmle.label | [...] [element] |
| main.rs:391:23:391:32 | source(...) | semmle.label | source(...) |
| main.rs:392:9:392:10 | n1 | semmle.label | n1 |
| main.rs:392:15:392:18 | arr1 [element] | semmle.label | arr1 [element] |
| main.rs:393:14:393:15 | n1 | semmle.label | n1 |
| main.rs:403:9:403:12 | arr1 [element] | semmle.label | arr1 [element] |
| main.rs:403:16:403:33 | [...] [element] | semmle.label | [...] [element] |
| main.rs:403:23:403:32 | source(...) | semmle.label | source(...) |
| main.rs:404:11:404:14 | arr1 [element] | semmle.label | arr1 [element] |
| main.rs:405:9:405:17 | SlicePat [element] | semmle.label | SlicePat [element] |
| main.rs:405:10:405:10 | a | semmle.label | a |
| main.rs:405:13:405:13 | b | semmle.label | b |
| main.rs:405:16:405:16 | c | semmle.label | c |
| main.rs:406:18:406:18 | a | semmle.label | a |
| main.rs:407:18:407:18 | b | semmle.label | b |
| main.rs:408:18:408:18 | c | semmle.label | c |
| main.rs:417:5:417:11 | [post] mut_arr [element] | semmle.label | [post] mut_arr [element] |
| main.rs:417:18:417:27 | source(...) | semmle.label | source(...) |
| main.rs:418:9:418:9 | d | semmle.label | d |
| main.rs:418:13:418:19 | mut_arr [element] | semmle.label | mut_arr [element] |
| main.rs:418:13:418:22 | mut_arr[1] | semmle.label | mut_arr[1] |
| main.rs:419:10:419:10 | d | semmle.label | d |
| main.rs:420:10:420:16 | mut_arr [element] | semmle.label | mut_arr [element] |
| main.rs:420:10:420:19 | mut_arr[0] | semmle.label | mut_arr[0] |
| main.rs:443:9:443:9 | s | semmle.label | s |
| main.rs:443:25:443:26 | source(...) | semmle.label | source(...) |
| main.rs:444:10:444:10 | s | semmle.label | s |
subpaths
testFailures
#select
| main.rs:15:10:15:18 | source(...) | main.rs:15:10:15:18 | source(...) | main.rs:15:10:15:18 | source(...) | $@ | main.rs:15:10:15:18 | source(...) | source(...) |
| main.rs:20:10:20:10 | s | main.rs:19:13:19:21 | source(...) | main.rs:20:10:20:10 | s | $@ | main.rs:19:13:19:21 | source(...) | source(...) |
| main.rs:27:10:27:10 | c | main.rs:24:13:24:21 | source(...) | main.rs:27:10:27:10 | c | $@ | main.rs:24:13:24:21 | source(...) | source(...) |
| main.rs:36:10:36:10 | b | main.rs:31:13:31:21 | source(...) | main.rs:36:10:36:10 | b | $@ | main.rs:31:13:31:21 | source(...) | source(...) |
| main.rs:47:10:47:10 | b | main.rs:45:15:45:23 | source(...) | main.rs:47:10:47:10 | b | $@ | main.rs:45:15:45:23 | source(...) | source(...) |
| main.rs:54:10:54:10 | i | main.rs:53:9:53:17 | source(...) | main.rs:54:10:54:10 | i | $@ | main.rs:53:9:53:17 | source(...) | source(...) |
| main.rs:95:10:95:12 | a.0 | main.rs:94:14:94:22 | source(...) | main.rs:95:10:95:12 | a.0 | $@ | main.rs:94:14:94:22 | source(...) | source(...) |
| main.rs:103:10:103:11 | a1 | main.rs:100:17:100:26 | source(...) | main.rs:103:10:103:11 | a1 | $@ | main.rs:100:17:100:26 | source(...) | source(...) |
| main.rs:110:10:110:12 | a.1 | main.rs:108:21:108:30 | source(...) | main.rs:110:10:110:12 | a.1 | $@ | main.rs:108:21:108:30 | source(...) | source(...) |
| main.rs:113:10:113:12 | a.0 | main.rs:111:11:111:20 | source(...) | main.rs:113:10:113:12 | a.0 | $@ | main.rs:111:11:111:20 | source(...) | source(...) |
| main.rs:121:10:121:15 | ... .1 | main.rs:118:17:118:26 | source(...) | main.rs:121:10:121:15 | ... .1 | $@ | main.rs:118:17:118:26 | source(...) | source(...) |
| main.rs:152:10:152:10 | a | main.rs:148:12:148:21 | source(...) | main.rs:152:10:152:10 | a | $@ | main.rs:148:12:148:21 | source(...) | source(...) |
| main.rs:188:18:188:18 | y | main.rs:178:16:178:25 | source(...) | main.rs:188:18:188:18 | y | $@ | main.rs:178:16:178:25 | source(...) | source(...) |
| main.rs:203:18:203:18 | x | main.rs:197:27:197:36 | source(...) | main.rs:203:18:203:18 | x | $@ | main.rs:197:27:197:36 | source(...) | source(...) |
| main.rs:216:33:216:33 | n | main.rs:213:27:213:36 | source(...) | main.rs:216:33:216:33 | n | $@ | main.rs:213:27:213:36 | source(...) | source(...) |
| main.rs:229:25:229:25 | n | main.rs:226:19:226:28 | source(...) | main.rs:229:25:229:25 | n | $@ | main.rs:226:19:226:28 | source(...) | source(...) |
| main.rs:240:10:240:20 | s1.unwrap(...) | main.rs:239:19:239:28 | source(...) | main.rs:240:10:240:20 | s1.unwrap(...) | $@ | main.rs:239:19:239:28 | source(...) | source(...) |
| main.rs:245:10:245:24 | s1.unwrap_or(...) | main.rs:244:19:244:28 | source(...) | main.rs:245:10:245:24 | s1.unwrap_or(...) | $@ | main.rs:244:19:244:28 | source(...) | source(...) |
| main.rs:248:10:248:33 | s2.unwrap_or(...) | main.rs:248:23:248:32 | source(...) | main.rs:248:10:248:33 | s2.unwrap_or(...) | $@ | main.rs:248:23:248:32 | source(...) | source(...) |
| main.rs:253:10:253:32 | s1.unwrap_or_else(...) | main.rs:252:19:252:28 | source(...) | main.rs:253:10:253:32 | s1.unwrap_or_else(...) | $@ | main.rs:252:19:252:28 | source(...) | source(...) |
| main.rs:256:10:256:41 | s2.unwrap_or_else(...) | main.rs:256:31:256:40 | source(...) | main.rs:256:10:256:41 | s2.unwrap_or_else(...) | $@ | main.rs:256:31:256:40 | source(...) | source(...) |
| main.rs:263:10:263:11 | i1 | main.rs:260:19:260:28 | source(...) | main.rs:263:10:263:11 | i1 | $@ | main.rs:260:19:260:28 | source(...) | source(...) |
| main.rs:274:10:274:11 | i1 | main.rs:269:35:269:44 | source(...) | main.rs:274:10:274:11 | i1 | $@ | main.rs:269:35:269:44 | source(...) | source(...) |
| main.rs:283:10:283:22 | s1.expect(...) | main.rs:282:35:282:44 | source(...) | main.rs:283:10:283:22 | s1.expect(...) | $@ | main.rs:282:35:282:44 | source(...) | source(...) |
| main.rs:288:10:288:26 | s2.expect_err(...) | main.rs:286:36:286:45 | source(...) | main.rs:288:10:288:26 | s2.expect_err(...) | $@ | main.rs:286:36:286:45 | source(...) | source(...) |
| main.rs:300:35:300:35 | n | main.rs:297:29:297:38 | source(...) | main.rs:300:35:300:35 | n | $@ | main.rs:297:29:297:38 | source(...) | source(...) |
| main.rs:304:55:304:55 | n | main.rs:297:29:297:38 | source(...) | main.rs:304:55:304:55 | n | $@ | main.rs:297:29:297:38 | source(...) | source(...) |
| main.rs:318:22:318:22 | n | main.rs:315:16:315:25 | source(...) | main.rs:318:22:318:22 | n | $@ | main.rs:315:16:315:25 | source(...) | source(...) |
| main.rs:322:29:322:29 | n | main.rs:315:16:315:25 | source(...) | main.rs:322:29:322:29 | n | $@ | main.rs:315:16:315:25 | source(...) | source(...) |
| main.rs:341:48:341:48 | n | main.rs:337:18:337:27 | source(...) | main.rs:341:48:341:48 | n | $@ | main.rs:337:18:337:27 | source(...) | source(...) |
| main.rs:345:81:345:81 | n | main.rs:337:18:337:27 | source(...) | main.rs:345:81:345:81 | n | $@ | main.rs:337:18:337:27 | source(...) | source(...) |
| main.rs:361:34:361:34 | n | main.rs:357:18:357:27 | source(...) | main.rs:361:34:361:34 | n | $@ | main.rs:357:18:357:27 | source(...) | source(...) |
| main.rs:365:53:365:53 | n | main.rs:357:18:357:27 | source(...) | main.rs:365:53:365:53 | n | $@ | main.rs:357:18:357:27 | source(...) | source(...) |
| main.rs:379:10:379:11 | n1 | main.rs:377:23:377:32 | source(...) | main.rs:379:10:379:11 | n1 | $@ | main.rs:377:23:377:32 | source(...) | source(...) |
| main.rs:383:10:383:11 | n2 | main.rs:381:17:381:26 | source(...) | main.rs:383:10:383:11 | n2 | $@ | main.rs:381:17:381:26 | source(...) | source(...) |
| main.rs:393:14:393:15 | n1 | main.rs:391:23:391:32 | source(...) | main.rs:393:14:393:15 | n1 | $@ | main.rs:391:23:391:32 | source(...) | source(...) |
| main.rs:406:18:406:18 | a | main.rs:403:23:403:32 | source(...) | main.rs:406:18:406:18 | a | $@ | main.rs:403:23:403:32 | source(...) | source(...) |
| main.rs:407:18:407:18 | b | main.rs:403:23:403:32 | source(...) | main.rs:407:18:407:18 | b | $@ | main.rs:403:23:403:32 | source(...) | source(...) |
| main.rs:408:18:408:18 | c | main.rs:403:23:403:32 | source(...) | main.rs:408:18:408:18 | c | $@ | main.rs:403:23:403:32 | source(...) | source(...) |
| main.rs:419:10:419:10 | d | main.rs:417:18:417:27 | source(...) | main.rs:419:10:419:10 | d | $@ | main.rs:417:18:417:27 | source(...) | source(...) |
| main.rs:420:10:420:19 | mut_arr[0] | main.rs:417:18:417:27 | source(...) | main.rs:420:10:420:19 | mut_arr[0] | $@ | main.rs:417:18:417:27 | source(...) | source(...) |
| main.rs:444:10:444:10 | s | main.rs:443:25:443:26 | source(...) | main.rs:444:10:444:10 | s | $@ | main.rs:443:25:443:26 | source(...) | source(...) |
