identityLocalStep
| main.rs:427:9:427:20 | phi(default_name) | Node steps to itself |
